2026-09-26  9:04:28 0 [Note] Starting MariaDB 13.0.2-MariaDB source revision 620a4b5624222048fece7fe1789978ae0675cae2 server_uid unknown as process 26380
2026-09-26  9:04:28 0 [Note] InnoDB: Compressed tables use zlib 1.3.2
2026-09-26  9:04:28 0 [Note] InnoDB: Number of transaction pools: 1
2026-09-26  9:04:28 0 [Note] InnoDB: Using ARMv8 crc32 + pmull instructions
2026-09-26  9:04:28 0 [Note] InnoDB: innodb_buffer_pool_size_max=131079m, innodb_buffer_pool_size=128m
2026-09-26  9:04:28 0 [Note] InnoDB: Completed initialization of buffer pool
2026-09-26  9:04:28 0 [Note] InnoDB: Buffered log writes (block size=512 bytes)
2026-09-26  9:04:28 0 [Note] InnoDB: End of log at LSN=863289
2026-09-26  9:04:28 0 [Note] InnoDB: Opened 3 undo tablespaces
2026-09-26  9:04:28 0 [Note] InnoDB: 128 rollback segments in 3 undo tablespaces are active.
2026-09-26  9:04:28 0 [Note] InnoDB: Setting file './ibtmp1' size to 12.000MiB. Physically writing the file full; Please wait ...
2026-09-26  9:04:28 0 [Note] InnoDB: File './ibtmp1' size is now 12.000MiB.
2026-09-26  9:04:28 0 [Note] InnoDB: log sequence number 863289; transaction id 1352
2026-09-26  9:04:28 0 [Note] Plugin 'FEEDBACK' is disabled.
2026-09-26  9:04:28 0 [Note] InnoDB: Loading buffer pool(s) from /data/data/com.termux/files/usr/var/lib/mysql/ib_buffer_pool
2026-09-26  9:04:28 0 [Note] InnoDB: Buffer pool(s) load completed at 260926  9:04:28
2026-09-26  9:04:33 0 [Note] Server socket created on IP: '127.0.0.1', port: '3306'.
2026-09-26  9:04:33 0 [Note] mariadbd: Event Scheduler: Loaded 0 events
2026-09-26  9:04:33 0 [Note] /data/data/com.termux/files/usr/bin/mariadbd: ready for connections.
Version: '13.0.2-MariaDB'  socket: '/data/data/com.termux/files/usr/var/run/mysqld.sock'  port: 3306  MariaDB Server
